<?php return array (
  0 => 'Symfony\\Bundle\\FrameworkBundle\\Controller\\AbstractController',
  1 => 'App\\Controller\\Admin\\AnswersCrudController',
  2 => 'App\\Controller\\Admin\\ArticlesCrudController',
  3 => 'App\\Controller\\Admin\\DashboardController',
  4 => 'App\\Controller\\Admin\\QuestionsCrudController',
  5 => 'App\\Controller\\Admin\\ResultsCrudController',
  6 => 'App\\Controller\\Admin\\UserCrudController',
  7 => 'App\\Controller\\AgisController',
  8 => 'App\\Controller\\DemandeController',
  9 => 'App\\Controller\\FormController',
  10 => 'App\\Controller\\HomeController',
  11 => 'App\\Controller\\InformController',
  12 => 'App\\Controller\\QuizController',
  13 => 'App\\Controller\\RegistrationController',
  14 => 'App\\Controller\\SecurityController',
  15 => 'App\\Entity\\Answers',
  16 => 'App\\Entity\\Articles',
  17 => 'App\\Entity\\Questions',
  18 => 'App\\Entity\\Results',
  19 => 'App\\Entity\\User',
  20 => 'Doctrine\\Bundle\\DoctrineBundle\\Controller\\ProfilerController',
  21 => 'Doctrine\\ORM\\Cache\\Persister\\Entity\\AbstractEntityPersister',
  22 => 'Doctrine\\ORM\\Cache\\Persister\\Entity\\CachedEntityPersister',
  23 => 'Doctrine\\ORM\\Cache\\Persister\\Entity\\NonStrictReadWriteCachedEntityPersister',
  24 => 'Doctrine\\ORM\\Cache\\Persister\\Entity\\ReadOnlyCachedEntityPersister',
  25 => 'Doctrine\\ORM\\Cache\\Persister\\Entity\\ReadWriteCachedEntityPersister',
  26 => 'Doctrine\\ORM\\Persisters\\Entity\\AbstractEntityInheritancePersister',
  27 => 'Doctrine\\ORM\\Persisters\\Entity\\BasicEntityPersister',
  28 => 'Doctrine\\ORM\\Persisters\\Entity\\CachedPersisterContext',
  29 => 'Doctrine\\ORM\\Persisters\\Entity\\EntityPersister',
  30 => 'Doctrine\\ORM\\Persisters\\Entity\\JoinedSubclassPersister',
  31 => 'Doctrine\\ORM\\Persisters\\Entity\\SingleTablePersister',
  32 => 'EasyCorp\\Bundle\\EasyAdminBundle\\Contracts\\Controller\\CrudControllerInterface',
  33 => 'EasyCorp\\Bundle\\EasyAdminBundle\\Contracts\\Controller\\DashboardControllerInterface',
  34 => 'EasyCorp\\Bundle\\EasyAdminBundle\\Controller\\AbstractCrudController',
  35 => 'EasyCorp\\Bundle\\EasyAdminBundle\\Controller\\AbstractDashboardController',
  37 => 'Symfony\\Bundle\\FrameworkBundle\\Controller\\ControllerResolver',
  38 => 'Symfony\\Bundle\\FrameworkBundle\\Controller\\RedirectController',
  39 => 'Symfony\\Bundle\\FrameworkBundle\\Controller\\TemplateController',
  40 => 'Symfony\\Bundle\\WebProfilerBundle\\Controller\\ExceptionPanelController',
  41 => 'Symfony\\Bundle\\WebProfilerBundle\\Controller\\ProfilerController',
  42 => 'Symfony\\Bundle\\WebProfilerBundle\\Controller\\RouterController',
  43 => 'Symfony\\Component\\HttpKernel\\Controller\\ArgumentResolver',
  44 => 'Symfony\\Component\\HttpKernel\\Controller\\ArgumentResolverInterface',
  45 => 'Symfony\\Component\\HttpKernel\\Controller\\ArgumentResolver\\DefaultValueResolver',
  46 => 'Symfony\\Component\\HttpKernel\\Controller\\ArgumentResolver\\NotTaggedControllerValueResolver',
  47 => 'Symfony\\Component\\HttpKernel\\Controller\\ArgumentResolver\\RequestAttributeValueResolver',
  48 => 'Symfony\\Component\\HttpKernel\\Controller\\ArgumentResolver\\RequestValueResolver',
  49 => 'Symfony\\Component\\HttpKernel\\Controller\\ArgumentResolver\\ServiceValueResolver',
  50 => 'Symfony\\Component\\HttpKernel\\Controller\\ArgumentResolver\\SessionValueResolver',
  51 => 'Symfony\\Component\\HttpKernel\\Controller\\ArgumentResolver\\TraceableValueResolver',
  52 => 'Symfony\\Component\\HttpKernel\\Controller\\ArgumentResolver\\VariadicValueResolver',
  53 => 'Symfony\\Component\\HttpKernel\\Controller\\ArgumentValueResolverInterface',
  54 => 'Symfony\\Component\\HttpKernel\\Controller\\ContainerControllerResolver',
  55 => 'Symfony\\Component\\HttpKernel\\Controller\\ControllerReference',
  56 => 'Symfony\\Component\\HttpKernel\\Controller\\ControllerResolver',
  57 => 'Symfony\\Component\\HttpKernel\\Controller\\ControllerResolverInterface',
  58 => 'Symfony\\Component\\HttpKernel\\Controller\\ErrorController',
  59 => 'Symfony\\Component\\HttpKernel\\Controller\\TraceableArgumentResolver',
  60 => 'Symfony\\Component\\HttpKernel\\Controller\\TraceableControllerResolver',
  61 => 'Symfony\\Component\\Security\\Http\\Controller\\UserValueResolver',
);